Lorem ipsum dolor sit amet, consectetur adipiscing elit. 
Sed dictum, elit a luctus lacinia, velit nibh laoreet nunc, non pretium nunc odio vel justo. 

Sed vel tellus nec nisi posuere cursus. 
Nulla facilisi. 
Sed euismod, nunc non bibendum viverra, justo nisl tristique risus, nec tincidunt nisl nunc quis nulla. 


Integer nec nulla vel nunc elementum lacinia. 
Sed euismod, nunc non bibendum viverra, justo nisl tristique risus, nec tincidunt nisl nunc quis nulla. 
Phasellus consequat, nisl eu gravida tincidunt, velit orci auctor nulla, vitae aliquam nulla quam nec nulla.
